[kushal@kalimati angularsixteen]$ yarn run ng test
yarn run v1.22.19
$ ng test
✔ Browser application bundle generation complete.
31 10 2023 17:08:07.131:WARN [karma]: No captured browser, open http://localhost:9876/
31 10 2023 17:08:07.139:INFO [karma-server]: Karma v6.4.2 server started at http://localhost:9876/
31 10 2023 17:08:07.140:INFO [launcher]: Launching browsers Chrome with concurrency unlimited
31 10 2023 17:08:07.143:INFO [launcher]: Starting browser Chrome
31 10 2023 17:08:07.675:INFO [Chrome 118.0.0.0 (Linux x86_64)]: Connected on socket V5zNTfHp3utAKVt3AAAB with id 2362036
Chrome 118.0.0.0 (Linux x86_64): Executed 3 of 3 SUCCESS (0.126 secs / 0.114 secs)
TOTAL: 3 SUCCESS
Chrome 118.0.0.0 (Linux x86_64) ERROR
  Disconnected Client disconnected from CONNECTED state (transport close)
Chrome 118.0.0.0 (Linux x86_64): Executed 3 of 3 SUCCESS (0.126 secs / 0.114 secs)
Chrome 118.0.0.0 (Linux x86_64) ERROR
  Disconnected Client disconnected from CONNECTED state (transport close)
31 10 2023 17:08:14.021:ERROR [launcher]: Chrome crashed.
        [53574:53574:1031/170809.490518:ERROR:gl_surface_presentation_helper.cc(260)] GetVSyncParametersIfAvailable() failed for 1 times!
[53574:53574:1031/170811.602088:ERROR:gl_surface_presentation_helper.cc(260)] GetVSyncParametersIfAvailable() failed for 2 times!

31 10 2023 17:08:14.021:ERROR [launcher]: Chrome stdout:
31 10 2023 17:08:14.021:ERROR [launcher]: Chrome stderr: [53574:53574:1031/170809.490518:ERROR:gl_surface_presentation_helper.cc(260)] GetVSyncParametersIfAvailable() failed for 1 times!
[53574:53574:1031/170811.602088:ERROR:gl_surface_presentation_helper.cc(260)] GetVSyncParametersIfAvailable() failed for 2 times!

31 10 2023 17:08:14.044:INFO [launcher]: Trying to start Chrome again (1/2).
31 10 2023 17:08:14.590:INFO [Chrome 118.0.0.0 (Linux x86_64)]: Connected on socket z9aSd9R1lGMMHcWZAAAD with id 2362036
Chrome 118.0.0.0 (Linux x86_64): Executed 3 of 3 SUCCESS (0.108 secs / 0.098 secs)
TOTAL: 3 SUCCESS
Chrome 118.0.0.0 (Linux x86_64) ERROR
  Disconnected Client disconnected from CONNECTED state (transport close)
Chrome 118.0.0.0 (Linux x86_64): Executed 3 of 3 SUCCESS (0.108 secs / 0.098 secs)
Chrome 118.0.0.0 (Linux x86_64) ERROR
  Disconnected Client disconnected from CONNECTED state (transport close)
31 10 2023 17:08:16.575:ERROR [launcher]: Chrome crashed.

31 10 2023 17:08:16.575:ERROR [launcher]: Chrome stdout:
31 10 2023 17:08:16.575:ERROR [launcher]: Chrome stderr:
31 10 2023 17:08:16.586:INFO [launcher]: Trying to start Chrome again (2/2).
31 10 2023 17:08:17.062:INFO [Chrome 118.0.0.0 (Linux x86_64)]: Connected on socket ehtqbAPsHfGBPO-bAAAF with id 2362036
Chrome 118.0.0.0 (Linux x86_64): Executed 3 of 3 SUCCESS (0.108 secs / 0.09 secs)
TOTAL: 3 SUCCESS
Chrome 118.0.0.0 (Linux x86_64) ERROR
  Disconnected Client disconnected from CONNECTED state (transport close)
Chrome 118.0.0.0 (Linux x86_64): Executed 3 of 3 SUCCESS (0.108 secs / 0.09 secs)
Chrome 118.0.0.0 (Linux x86_64) ERROR
  Disconnected Client disconnected from CONNECTED state (transport close)
31 10 2023 17:08:19.053:ERROR [launcher]: Chrome crashed.

31 10 2023 17:08:19.053:ERROR [launcher]: Chrome stdout:
31 10 2023 17:08:19.054:ERROR [launcher]: Chrome stderr:
31 10 2023 17:08:19.075:ERROR [launcher]: Chrome failed 2 times (crashed). Giving up.



^C
[kushal@kalimati angularsixteen]$

[kushal@kalimati angularsixteen]$
[kushal@kalimati angularsixteen]$ time yarn add --dev karma-jasmine karma-jasmine karma-chrome-launcher karma-jasmine-html-reporter karma-coverage-istanbul-reporter karma-firefox-launcher karma-jasmine-html-reporter karma-spec-reporter
yarn add v1.22.19
[1/4] Resolving packages...
[2/4] Fetching packages...
[3/4] Linking dependencies...
[4/4] Building fresh packages...
success Saved lockfile.
success Saved 7 new dependencies.
info Direct dependencies
├─ karma-chrome-launcher@3.2.0
├─ karma-coverage-istanbul-reporter@3.0.3
├─ karma-firefox-launcher@2.1.2
└─ karma-spec-reporter@0.0.36
info All dependencies
├─ colors@1.4.0
├─ istanbul-lib-source-maps@3.0.6
├─ istanbul-reports@3.1.6
├─ karma-chrome-launcher@3.2.0
├─ karma-coverage-istanbul-reporter@3.0.3
├─ karma-firefox-launcher@2.1.2
└─ karma-spec-reporter@0.0.36
Done in 3.81s.

real    0m3.976s
user    0m4.219s
sys     0m3.216s
[kushal@kalimati angularsixteen]$ time yarn run ng test --karma-config karma.conf.js
yarn run v1.22.19
$ ng test --karma-config karma.conf.js
⠋ Generating browser application bundles (phase: setup)...31 10 2023 17:29:26.322:ERROR [config]: Error in config file!
 Error: Cannot find module 'karma-verbose-reporter'
Require stack:
- /home/kushal/src/angular/angularsixteen/karma.conf.js
- /home/kushal/src/angular/angularsixteen/node_modules/karma/lib/config.js
- /home/kushal/src/angular/angularsixteen/node_modules/karma/lib/server.js
- /home/kushal/src/angular/angularsixteen/node_modules/karma/lib/index.js
- /home/kushal/src/angular/angularsixteen/node_modules/@angular-devkit/build-angular/src/builders/karma/index.js
- /home/kushal/src/angular/angularsixteen/node_modules/@angular-devkit/architect/node/node-modules-architect-host.js
- /home/kushal/src/angular/angularsixteen/node_modules/@angular-devkit/architect/node/index.js
- /home/kushal/src/angular/angularsixteen/node_modules/@angular/cli/src/command-builder/architect-base-command-module.js
- /home/kushal/src/angular/angularsixteen/node_modules/@angular/cli/src/command-builder/architect-command-module.js
- /home/kushal/src/angular/angularsixteen/node_modules/@angular/cli/src/commands/test/cli.js
- /home/kushal/src/angular/angularsixteen/node_modules/@angular/cli/src/commands/command-config.js
- /home/kushal/src/angular/angularsixteen/node_modules/@angular/cli/src/command-builder/command-runner.js
- /home/kushal/src/angular/angularsixteen/node_modules/@angular/cli/lib/cli/index.js
- /home/kushal/src/angular/angularsixteen/node_modules/@angular/cli/lib/init.js
    at Module._resolveFilename (node:internal/modules/cjs/loader:1048:15)
    at Module._load (node:internal/modules/cjs/loader:901:27)
    at Module.require (node:internal/modules/cjs/loader:1115:19)
    at require (node:internal/modules/helpers:130:18)
    at module.exports (/home/kushal/src/angular/angularsixteen/karma.conf.js:41:7)
    at Object.parseConfig (/home/kushal/src/angular/angularsixteen/node_modules/karma/lib/config.js:470:26)
    at /home/kushal/src/angular/angularsixteen/node_modules/@angular-devkit/build-angular/src/builders/karma/index.js:130:54 {
  code: 'MODULE_NOT_FOUND',
  requireStack: [
    '/home/kushal/src/angular/angularsixteen/karma.conf.js',
    '/home/kushal/src/angular/angularsixteen/node_modules/karma/lib/config.js',
    '/home/kushal/src/angular/angularsixteen/node_modules/karma/lib/server.js',
    '/home/kushal/src/angular/angularsixteen/node_modules/karma/lib/index.js',
    '/home/kushal/src/angular/angularsixteen/node_modules/@angular-devkit/build-angular/src/builders/karma/index.js',
    '/home/kushal/src/angular/angularsixteen/node_modules/@angular-devkit/architect/node/node-modules-architect-host.js',
    '/home/kushal/src/angular/angularsixteen/node_modules/@angular-devkit/architect/node/index.js',
    '/home/kushal/src/angular/angularsixteen/node_modules/@angular/cli/src/command-builder/architect-base-command-module.js',
    '/home/kushal/src/angular/angularsixteen/node_modules/@angular/cli/src/command-builder/architect-command-module.js',
    '/home/kushal/src/angular/angularsixteen/node_modules/@angular/cli/src/commands/test/cli.js',
    '/home/kushal/src/angular/angularsixteen/node_modules/@angular/cli/src/commands/command-config.js',
    '/home/kushal/src/angular/angularsixteen/node_modules/@angular/cli/src/command-builder/command-runner.js',
    '/home/kushal/src/angular/angularsixteen/node_modules/@angular/cli/lib/cli/index.js',
    '/home/kushal/src/angular/angularsixteen/node_modules/@angular/cli/lib/init.js'
  ]
}
An unhandled exception occurred: Error in config file!
 Error: Cannot find module 'karma-verbose-reporter'
Require stack:
- /home/kushal/src/angular/angularsixteen/karma.conf.js
- /home/kushal/src/angular/angularsixteen/node_modules/karma/lib/config.js
- /home/kushal/src/angular/angularsixteen/node_modules/karma/lib/server.js
- /home/kushal/src/angular/angularsixteen/node_modules/karma/lib/index.js
- /home/kushal/src/angular/angularsixteen/node_modules/@angular-devkit/build-angular/src/builders/karma/index.js
- /home/kushal/src/angular/angularsixteen/node_modules/@angular-devkit/architect/node/node-modules-architect-host.js
- /home/kushal/src/angular/angularsixteen/node_modules/@angular-devkit/architect/node/index.js
- /home/kushal/src/angular/angularsixteen/node_modules/@angular/cli/src/command-builder/architect-base-command-module.js
- /home/kushal/src/angular/angularsixteen/node_modules/@angular/cli/src/command-builder/architect-command-module.js
- /home/kushal/src/angular/angularsixteen/node_modules/@angular/cli/src/commands/test/cli.js
- /home/kushal/src/angular/angularsixteen/node_modules/@angular/cli/src/commands/command-config.js
- /home/kushal/src/angular/angularsixteen/node_modules/@angular/cli/src/command-builder/command-runner.js
- /home/kushal/src/angular/angularsixteen/node_modules/@angular/cli/lib/cli/index.js
- /home/kushal/src/angular/angularsixteen/node_modules/@angular/cli/lib/init.js
See "/tmp/ng-ZbYLUB/angular-errors.log" for further details.
⠙ Generating browser application bundles (phase: setup)...^C

real    1m36.596s
user    0m0.269s
sys     0m0.102s
[kushal@kalimati angularsixteen]$ time yarn add --dev karma-jasmine karma-jasmine karma-chrome-launcher karma-jasmine-html-reporter karma-coverage-istanbul-reporter karma-firefox-launcher karma-jasmine-html-reporter karma-spec-reporter karma-verbose-reporter
yarn add v1.22.19
[1/4] Resolving packages...
[2/4] Fetching packages...
[3/4] Linking dependencies...
[4/4] Building fresh packages...
success Saved lockfile.
success Saved 5 new dependencies.
info Direct dependencies
├─ karma-chrome-launcher@3.2.0
├─ karma-coverage-istanbul-reporter@3.0.3
├─ karma-firefox-launcher@2.1.2
├─ karma-spec-reporter@0.0.36
└─ karma-verbose-reporter@0.0.8
info All dependencies
├─ karma-chrome-launcher@3.2.0
├─ karma-coverage-istanbul-reporter@3.0.3
├─ karma-firefox-launcher@2.1.2
├─ karma-spec-reporter@0.0.36
└─ karma-verbose-reporter@0.0.8
Done in 3.64s.

real    0m3.832s
user    0m3.889s
sys     0m2.258s
[kushal@kalimati angularsixteen]$ time yarn run ng test --karma-config karma.conf.js
yarn run v1.22.19
$ ng test --karma-config karma.conf.js
⠋ Generating browser application bundles (phase: setup)...31 10 2023 17:31:19.408:ERROR [config]: Error in config file!
 Error: Cannot find module 'karma-htmlfile-reporter'
Require stack:
- /home/kushal/src/angular/angularsixteen/karma.conf.js
- /home/kushal/src/angular/angularsixteen/node_modules/karma/lib/config.js
- /home/kushal/src/angular/angularsixteen/node_modules/karma/lib/server.js
- /home/kushal/src/angular/angularsixteen/node_modules/karma/lib/index.js
- /home/kushal/src/angular/angularsixteen/node_modules/@angular-devkit/build-angular/src/builders/karma/index.js
- /home/kushal/src/angular/angularsixteen/node_modules/@angular-devkit/architect/node/node-modules-architect-host.js
- /home/kushal/src/angular/angularsixteen/node_modules/@angular-devkit/architect/node/index.js
- /home/kushal/src/angular/angularsixteen/node_modules/@angular/cli/src/command-builder/architect-base-command-module.js
- /home/kushal/src/angular/angularsixteen/node_modules/@angular/cli/src/command-builder/architect-command-module.js
- /home/kushal/src/angular/angularsixteen/node_modules/@angular/cli/src/commands/test/cli.js
- /home/kushal/src/angular/angularsixteen/node_modules/@angular/cli/src/commands/command-config.js
- /home/kushal/src/angular/angularsixteen/node_modules/@angular/cli/src/command-builder/command-runner.js
- /home/kushal/src/angular/angularsixteen/node_modules/@angular/cli/lib/cli/index.js
- /home/kushal/src/angular/angularsixteen/node_modules/@angular/cli/lib/init.js
    at Module._resolveFilename (node:internal/modules/cjs/loader:1048:15)
    at Module._load (node:internal/modules/cjs/loader:901:27)
    at Module.require (node:internal/modules/cjs/loader:1115:19)
    at require (node:internal/modules/helpers:130:18)
    at module.exports (/home/kushal/src/angular/angularsixteen/karma.conf.js:43:7)
    at Object.parseConfig (/home/kushal/src/angular/angularsixteen/node_modules/karma/lib/config.js:470:26)
    at /home/kushal/src/angular/angularsixteen/node_modules/@angular-devkit/build-angular/src/builders/karma/index.js:130:54 {
  code: 'MODULE_NOT_FOUND',
  requireStack: [
    '/home/kushal/src/angular/angularsixteen/karma.conf.js',
    '/home/kushal/src/angular/angularsixteen/node_modules/karma/lib/config.js',
    '/home/kushal/src/angular/angularsixteen/node_modules/karma/lib/server.js',
    '/home/kushal/src/angular/angularsixteen/node_modules/karma/lib/index.js',
    '/home/kushal/src/angular/angularsixteen/node_modules/@angular-devkit/build-angular/src/builders/karma/index.js',
    '/home/kushal/src/angular/angularsixteen/node_modules/@angular-devkit/architect/node/node-modules-architect-host.js',
    '/home/kushal/src/angular/angularsixteen/node_modules/@angular-devkit/architect/node/index.js',
    '/home/kushal/src/angular/angularsixteen/node_modules/@angular/cli/src/command-builder/architect-base-command-module.js',
    '/home/kushal/src/angular/angularsixteen/node_modules/@angular/cli/src/command-builder/architect-command-module.js',
    '/home/kushal/src/angular/angularsixteen/node_modules/@angular/cli/src/commands/test/cli.js',
    '/home/kushal/src/angular/angularsixteen/node_modules/@angular/cli/src/commands/command-config.js',
    '/home/kushal/src/angular/angularsixteen/node_modules/@angular/cli/src/command-builder/command-runner.js',
    '/home/kushal/src/angular/angularsixteen/node_modules/@angular/cli/lib/cli/index.js',
    '/home/kushal/src/angular/angularsixteen/node_modules/@angular/cli/lib/init.js'
  ]
}
An unhandled exception occurred: Error in config file!
 Error: Cannot find module 'karma-htmlfile-reporter'
Require stack:
- /home/kushal/src/angular/angularsixteen/karma.conf.js
- /home/kushal/src/angular/angularsixteen/node_modules/karma/lib/config.js
- /home/kushal/src/angular/angularsixteen/node_modules/karma/lib/server.js
- /home/kushal/src/angular/angularsixteen/node_modules/karma/lib/index.js
- /home/kushal/src/angular/angularsixteen/node_modules/@angular-devkit/build-angular/src/builders/karma/index.js
- /home/kushal/src/angular/angularsixteen/node_modules/@angular-devkit/architect/node/node-modules-architect-host.js
- /home/kushal/src/angular/angularsixteen/node_modules/@angular-devkit/architect/node/index.js
- /home/kushal/src/angular/angularsixteen/node_modules/@angular/cli/src/command-builder/architect-base-command-module.js
- /home/kushal/src/angular/angularsixteen/node_modules/@angular/cli/src/command-builder/architect-command-module.js
- /home/kushal/src/angular/angularsixteen/node_modules/@angular/cli/src/commands/test/cli.js
- /home/kushal/src/angular/angularsixteen/node_modules/@angular/cli/src/commands/command-config.js
- /home/kushal/src/angular/angularsixteen/node_modules/@angular/cli/src/command-builder/command-runner.js
- /home/kushal/src/angular/angularsixteen/node_modules/@angular/cli/lib/cli/index.js
- /home/kushal/src/angular/angularsixteen/node_modules/@angular/cli/lib/init.js
See "/tmp/ng-w4PC2w/angular-errors.log" for further details.
⠴ Generating browser application bundles (phase: setup)...^C

real    0m26.673s
user    0m0.287s
sys     0m0.096s
[kushal@kalimati angularsixteen]$ time yarn add --dev karma-jasmine karma-jasmine karma-chrome-launcher karma-jasmine-html-reporter karma-coverage-istanbul-reporter karma-firefox-launcher karma-jasmine-html-reporter karma-spec-reporter karma-verbose-reporter karma-htmlfile-reporter
yarn add v1.22.19
[1/4] Resolving packages...
[2/4] Fetching packages...
[3/4] Linking dependencies...
[4/4] Building fresh packages...
success Saved lockfile.
success Saved 7 new dependencies.
info Direct dependencies
├─ karma-chrome-launcher@3.2.0
├─ karma-coverage-istanbul-reporter@3.0.3
├─ karma-firefox-launcher@2.1.2
├─ karma-htmlfile-reporter@0.3.8
├─ karma-spec-reporter@0.0.36
└─ karma-verbose-reporter@0.0.8
info All dependencies
├─ karma-chrome-launcher@3.2.0
├─ karma-coverage-istanbul-reporter@3.0.3
├─ karma-firefox-launcher@2.1.2
├─ karma-htmlfile-reporter@0.3.8
├─ karma-spec-reporter@0.0.36
├─ karma-verbose-reporter@0.0.8
└─ xmlbuilder@10.1.1
Done in 3.54s.

real    0m3.707s
user    0m3.974s
sys     0m2.271s
[kushal@kalimati angularsixteen]$ time yarn run ng test --karma-config karma.conf.js
yarn run v1.22.19
$ ng test --karma-config karma.conf.js
✔ Browser application bundle generation complete.
31 10 2023 17:34:20.536:INFO [karma-server]: Karma v6.4.2 server started at http://localhost:9876/
31 10 2023 17:34:20.537:INFO [launcher]: Launching browsers FirefoxHeadless with concurrency unlimited
31 10 2023 17:34:20.540:INFO [launcher]: Starting browser Firefox
31 10 2023 17:34:21.692:INFO [Firefox 119.0 (Linux x86_64)]: Connected on socket EvecoeGUSJrhp469AAAB with id 16475950
Firefox 119.0 (Linux x86_64): Executed 0 of 3 SUCCESS (0 secs / 0 secs)
Firefox 119.0 (Linux x86_64): Executed 1 of 3 SUCCESS (0 secs / 0.104 secs)
31 10 2023 17:34:22.317:INFO [Firefox 119.0 (Linux x86_64) | AppComponent | should create the app]: Success: 104 ms
Test Num: 1
Elapsed Time: 0:1:792 min/sec/ms

  AppComponent
Firefox 119.0 (Linux x86_64): Executed 2 of 3 SUCCESS (0 secs / 0.118 secs)
31 10 2023 17:34:22.350:INFO [Firefox 119.0 (Linux x86_64) | AppComponent | should have as title 'angularsixteen']: Success: 14 ms
Test Num: 2
Elapsed Time: 0:1:825 min/sec/ms
Firefox 119.0 (Linux x86_64): Executed 3 of 3 SUCCESS (0 secs / 0.136 secs)
31 10 2023 17:34:22.358:INFO [Firefox 119.0 (Linux x86_64) | AppComponent | should render title]: Success: 18 ms
Test Num: 3
Elapsed Time: 0:1:834 min/sec/ms
Firefox 119.0 (Linux x86_64): Executed 3 of 3 SUCCESS (0.149 secs / 0.136 secs)
TOTAL: 3 SUCCESS
TOTAL: 3 SUCCESS


Suites and tests results:

 - AppComponent :
   * should create the app : ok
   * should have as title 'angularsixteen' : ok
   * should render title : ok

Browser results:

 - Firefox 119.0 (Linux x86_64): 3 tests
   - 3 ok
Elapsed Time: 0:1:839 min/sec/ms


Firefox 119.0 (Linux x86_64): Executed 3 of 3 SUCCESS (0.149 secs / 0.136 secs)
TOTAL: 3 SUCCESS

Done in 8.71s.

real    0m8.883s
user    0m16.869s
sys     0m2.995s
[kushal@kalimati angularsixteen]$
